[    1097ms] [LOG] Domain for cookies = undefined @ https://www.googletagmanager.com/gtm.js?id=GTM-5BCFWD6:1100
[    1097ms] [LOG] tagtag_uid from query = undefined @ https://www.googletagmanager.com/gtm.js?id=GTM-5BCFWD6:1100
[    1097ms] [LOG] tagtag_uid from cookie = undefined @ https://www.googletagmanager.com/gtm.js?id=GTM-5BCFWD6:1100
[    1099ms] [LOG] Additional dedup parameters array is 2 values long: [gclid, fbclid] @ https://www.googletagmanager.com/gtm.js?id=GTM-5BCFWD6:1100
[    1099ms] [LOG] Last Paid Click Source from query is utm_source = undefined @ https://www.googletagmanager.com/gtm.js?id=GTM-5BCFWD6:1100
[    1100ms] [LOG] Last Paid Click Source from cookie is undefined @ https://www.googletagmanager.com/gtm.js?id=GTM-5BCFWD6:1100
[    1100ms] [LOG] Expected value of utm_source is admitad , the broker is na @ https://www.googletagmanager.com/gtm.js?id=GTM-5BCFWD6:1100
[    1100ms] [LOG] Cart type is totalcart @ https://www.googletagmanager.com/gtm.js?id=GTM-5BCFWD6:1100
[    3737ms] [WARNING] [Meta Pixel] - Duplicate Pixel ID: 1070914874267336. @ https://connect.facebook.net/en_US/fbevents.js:197
[    4071ms] [LOG] %cWebEngage%c %cWARN color: #FFFFFF; background-color: #533370; padding: 2px 4px 1px 4px; border-radius: 2px  color: #FFFFFF; background-color: #FF8A70; padding: 2px 4px 1px 4px; border-radius: 2px  webengage.track() is passed value of unsupported type  "undefined" for attribute "product_title" {value: undefined} @ https://widgets.in.webengage.com/js/webengage-min-v-6.0.js:0
[    4071ms] [LOG] %cWebEngage%c %cWARN color: #FFFFFF; background-color: #533370; padding: 2px 4px 1px 4px; border-radius: 2px  color: #FFFFFF; background-color: #FF8A70; padding: 2px 4px 1px 4px; border-radius: 2px  webengage.track() is passed value of unsupported type  "undefined" for attribute "product_material_id" {value: undefined} @ https://widgets.in.webengage.com/js/webengage-min-v-6.0.js:0
[    4071ms] [LOG] %cWebEngage%c %cWARN color: #FFFFFF; background-color: #533370; padding: 2px 4px 1px 4px; border-radius: 2px  color: #FFFFFF; background-color: #FF8A70; padding: 2px 4px 1px 4px; border-radius: 2px  webengage.track() is passed value of unsupported type  "undefined" for attribute "productMRP" {value: undefined} @ https://widgets.in.webengage.com/js/webengage-min-v-6.0.js:0
[    4072ms] [LOG] %cWebEngage%c %cWARN color: #FFFFFF; background-color: #533370; padding: 2px 4px 1px 4px; border-radius: 2px  color: #FFFFFF; background-color: #FF8A70; padding: 2px 4px 1px 4px; border-radius: 2px  webengage.track() is passed value of unsupported type  "undefined" for attribute "productName" {value: undefined} @ https://widgets.in.webengage.com/js/webengage-min-v-6.0.js:0
[    4072ms] [LOG] %cWebEngage%c %cWARN color: #FFFFFF; background-color: #533370; padding: 2px 4px 1px 4px; border-radius: 2px  color: #FFFFFF; background-color: #FF8A70; padding: 2px 4px 1px 4px; border-radius: 2px  webengage.track() is passed value of unsupported type  "undefined" for attribute "productID" {value: undefined} @ https://widgets.in.webengage.com/js/webengage-min-v-6.0.js:0
[    4072ms] [LOG] %cWebEngage%c %cWARN color: #FFFFFF; background-color: #533370; padding: 2px 4px 1px 4px; border-radius: 2px  color: #FFFFFF; background-color: #FF8A70; padding: 2px 4px 1px 4px; border-radius: 2px  webengage.track() is passed value of unsupported type  "undefined" for attribute "couponValue" {value: undefined} @ https://widgets.in.webengage.com/js/webengage-min-v-6.0.js:0
[    4073ms] [LOG] %cWebEngage%c %cWARN color: #FFFFFF; background-color: #533370; padding: 2px 4px 1px 4px; border-radius: 2px  color: #FFFFFF; background-color: #FF8A70; padding: 2px 4px 1px 4px; border-radius: 2px  webengage.track() is passed value of unsupported type  "undefined" for attribute "customerId" {value: undefined} @ https://widgets.in.webengage.com/js/webengage-min-v-6.0.js:0
[    4073ms] [LOG] %cWebEngage%c %cWARN color: #FFFFFF; background-color: #533370; padding: 2px 4px 1px 4px; border-radius: 2px  color: #FFFFFF; background-color: #FF8A70; padding: 2px 4px 1px 4px; border-radius: 2px  webengage.track() is passed value of unsupported type  "undefined" for attribute "utm_source" {value: undefined} @ https://widgets.in.webengage.com/js/webengage-min-v-6.0.js:0
[    4073ms] [LOG] %cWebEngage%c %cWARN color: #FFFFFF; background-color: #533370; padding: 2px 4px 1px 4px; border-radius: 2px  color: #FFFFFF; background-color: #FF8A70; padding: 2px 4px 1px 4px; border-radius: 2px  webengage.track() is passed value of unsupported type  "undefined" for attribute "utm_medium" {value: undefined} @ https://widgets.in.webengage.com/js/webengage-min-v-6.0.js:0
[    4073ms] [LOG] %cWebEngage%c %cWARN color: #FFFFFF; background-color: #533370; padding: 2px 4px 1px 4px; border-radius: 2px  color: #FFFFFF; background-color: #FF8A70; padding: 2px 4px 1px 4px; border-radius: 2px  webengage.track() is passed value of unsupported type  "undefined" for attribute "utm_campaign" {value: undefined} @ https://widgets.in.webengage.com/js/webengage-min-v-6.0.js:0
[    4074ms] [LOG] %cWebEngage%c %cWARN color: #FFFFFF; background-color: #533370; padding: 2px 4px 1px 4px; border-radius: 2px  color: #FFFFFF; background-color: #FF8A70; padding: 2px 4px 1px 4px; border-radius: 2px  webengage.track() is passed value of unsupported type  "undefined" for attribute "utm_channel" {value: undefined} @ https://widgets.in.webengage.com/js/webengage-min-v-6.0.js:0
[    4531ms] [LOG] resize called @ https://widgets.in.webengage.com/js/notification-layout-~fg00aad.js:0
