[    1551ms] [ERROR] Invalid href 'https://www.eurekaforbes.com//#bookService?ep=2' passed to next/router in page: '/'. Repeated forward-slashes (//) or backslashes \ are not valid in the href. @ https://www.eurekaforbes.com/cms/assets/web/29f0d3b/_next/static/chunks/main-1091fff7b926d8db.js:0
[    1563ms] [ERROR] Invalid href 'https://www.eurekaforbes.com//#bookService?ep=2' passed to next/router in page: '/'. Repeated forward-slashes (//) or backslashes \ are not valid in the href. @ https://www.eurekaforbes.com/cms/assets/web/29f0d3b/_next/static/chunks/main-1091fff7b926d8db.js:0
[    2583ms] [LOG] Domain for cookies = undefined @ https://www.googletagmanager.com/gtm.js?id=GTM-5BCFWD6:1100
[    2584ms] [LOG] tagtag_uid from query = undefined @ https://www.googletagmanager.com/gtm.js?id=GTM-5BCFWD6:1100
[    2584ms] [LOG] tagtag_uid from cookie = undefined @ https://www.googletagmanager.com/gtm.js?id=GTM-5BCFWD6:1100
[    2584ms] [LOG] Additional dedup parameters array is 2 values long: [gclid, fbclid] @ https://www.googletagmanager.com/gtm.js?id=GTM-5BCFWD6:1100
[    2612ms] [LOG] Last Paid Click Source from query is utm_source = undefined @ https://www.googletagmanager.com/gtm.js?id=GTM-5BCFWD6:1100
[    2613ms] [LOG] Last Paid Click Source from cookie is undefined @ https://www.googletagmanager.com/gtm.js?id=GTM-5BCFWD6:1100
[    2613ms] [LOG] Expected value of utm_source is admitad , the broker is na @ https://www.googletagmanager.com/gtm.js?id=GTM-5BCFWD6:1100
[    2613ms] [LOG] Cart type is totalcart @ https://www.googletagmanager.com/gtm.js?id=GTM-5BCFWD6:1100
[    2713ms] [WARNING] Datadog Browser SDK: No storage available for session. We will not send any data. @ https://www.datadoghq-browser-agent.com/us3/v6/datadog-rum.js:0
[    6764ms] [WARNING] [Meta Pixel] - Duplicate Pixel ID: 1070914874267336. @ https://connect.facebook.net/en_US/fbevents.js:197
[    7708ms] [LOG] %cWebEngage%c %cWARN color: #FFFFFF; background-color: #533370; padding: 2px 4px 1px 4px; border-radius: 2px  color: #FFFFFF; background-color: #FF8A70; padding: 2px 4px 1px 4px; border-radius: 2px  webengage.track() is passed value of unsupported type  "undefined" for attribute "product_title" {value: undefined} @ https://widgets.in.webengage.com/js/webengage-min-v-6.0.js:0
[    7709ms] [LOG] %cWebEngage%c %cWARN color: #FFFFFF; background-color: #533370; padding: 2px 4px 1px 4px; border-radius: 2px  color: #FFFFFF; background-color: #FF8A70; padding: 2px 4px 1px 4px; border-radius: 2px  webengage.track() is passed value of unsupported type  "undefined" for attribute "product_material_id" {value: undefined} @ https://widgets.in.webengage.com/js/webengage-min-v-6.0.js:0
[    7709ms] [LOG] %cWebEngage%c %cWARN color: #FFFFFF; background-color: #533370; padding: 2px 4px 1px 4px; border-radius: 2px  color: #FFFFFF; background-color: #FF8A70; padding: 2px 4px 1px 4px; border-radius: 2px  webengage.track() is passed value of unsupported type  "undefined" for attribute "productMRP" {value: undefined} @ https://widgets.in.webengage.com/js/webengage-min-v-6.0.js:0
[    7710ms] [LOG] %cWebEngage%c %cWARN color: #FFFFFF; background-color: #533370; padding: 2px 4px 1px 4px; border-radius: 2px  color: #FFFFFF; background-color: #FF8A70; padding: 2px 4px 1px 4px; border-radius: 2px  webengage.track() is passed value of unsupported type  "undefined" for attribute "productName" {value: undefined} @ https://widgets.in.webengage.com/js/webengage-min-v-6.0.js:0
[    7710ms] [LOG] %cWebEngage%c %cWARN color: #FFFFFF; background-color: #533370; padding: 2px 4px 1px 4px; border-radius: 2px  color: #FFFFFF; background-color: #FF8A70; padding: 2px 4px 1px 4px; border-radius: 2px  webengage.track() is passed value of unsupported type  "undefined" for attribute "productID" {value: undefined} @ https://widgets.in.webengage.com/js/webengage-min-v-6.0.js:0
[    7710ms] [LOG] %cWebEngage%c %cWARN color: #FFFFFF; background-color: #533370; padding: 2px 4px 1px 4px; border-radius: 2px  color: #FFFFFF; background-color: #FF8A70; padding: 2px 4px 1px 4px; border-radius: 2px  webengage.track() is passed value of unsupported type  "undefined" for attribute "couponValue" {value: undefined} @ https://widgets.in.webengage.com/js/webengage-min-v-6.0.js:0
[    7710ms] [LOG] %cWebEngage%c %cWARN color: #FFFFFF; background-color: #533370; padding: 2px 4px 1px 4px; border-radius: 2px  color: #FFFFFF; background-color: #FF8A70; padding: 2px 4px 1px 4px; border-radius: 2px  webengage.track() is passed value of unsupported type  "undefined" for attribute "customerId" {value: undefined} @ https://widgets.in.webengage.com/js/webengage-min-v-6.0.js:0
[    7711ms] [LOG] %cWebEngage%c %cWARN color: #FFFFFF; background-color: #533370; padding: 2px 4px 1px 4px; border-radius: 2px  color: #FFFFFF; background-color: #FF8A70; padding: 2px 4px 1px 4px; border-radius: 2px  webengage.track() is passed value of unsupported type  "undefined" for attribute "utm_source" {value: undefined} @ https://widgets.in.webengage.com/js/webengage-min-v-6.0.js:0
[    7711ms] [LOG] %cWebEngage%c %cWARN color: #FFFFFF; background-color: #533370; padding: 2px 4px 1px 4px; border-radius: 2px  color: #FFFFFF; background-color: #FF8A70; padding: 2px 4px 1px 4px; border-radius: 2px  webengage.track() is passed value of unsupported type  "undefined" for attribute "utm_medium" {value: undefined} @ https://widgets.in.webengage.com/js/webengage-min-v-6.0.js:0
[    7711ms] [LOG] %cWebEngage%c %cWARN color: #FFFFFF; background-color: #533370; padding: 2px 4px 1px 4px; border-radius: 2px  color: #FFFFFF; background-color: #FF8A70; padding: 2px 4px 1px 4px; border-radius: 2px  webengage.track() is passed value of unsupported type  "undefined" for attribute "utm_campaign" {value: undefined} @ https://widgets.in.webengage.com/js/webengage-min-v-6.0.js:0
[    7712ms] [LOG] %cWebEngage%c %cWARN color: #FFFFFF; background-color: #533370; padding: 2px 4px 1px 4px; border-radius: 2px  color: #FFFFFF; background-color: #FF8A70; padding: 2px 4px 1px 4px; border-radius: 2px  webengage.track() is passed value of unsupported type  "undefined" for attribute "utm_channel" {value: undefined} @ https://widgets.in.webengage.com/js/webengage-min-v-6.0.js:0
[    7920ms] [LOG] resize called @ https://widgets.in.webengage.com/js/notification-layout-~fg00aad.js:0
